[INFO] Scanning for projects...
[INFO] 
[INFO] --------------------< com.example:SistemaDeGestion >--------------------
[INFO] Building  0.0.1-SNAPSHOT
[INFO]   from pom.xml
[INFO] --------------------------------[ jar ]---------------------------------
[INFO] 
[INFO] >>> spring-boot:4.0.7:run (default-cli) > test-compile @ SistemaDeGestion >>>
[INFO] 
[INFO] --- resources:3.3.1:resources (default-resources) @ SistemaDeGestion ---
[INFO] Copying 1 resource from src\main\resources to target\classes
[INFO] Copying 1 resource from src\main\resources to target\classes
[INFO] 
[INFO] --- compiler:3.14.1:compile (default-compile) @ SistemaDeGestion ---
[INFO] Nothing to compile - all classes are up to date.
[INFO] 
[INFO] --- resources:3.3.1:testResources (default-testResources) @ SistemaDeGestion ---
[INFO] Not copying test resources
[INFO] 
[INFO] --- compiler:3.14.1:testCompile (default-testCompile) @ SistemaDeGestion ---
[INFO] Not compiling test sources
[INFO] 
[INFO] <<< spring-boot:4.0.7:run (default-cli) < test-compile @ SistemaDeGestion <<<
[INFO] 
[INFO] 
[INFO] --- spring-boot:4.0.7:run (default-cli) @ SistemaDeGestion ---
[INFO] Attaching agents: []

  .   ____          _            __ _ _
 /\\ / ___'_ __ _ _(_)_ __  __ _ \ \ \ \
( ( )\___ | '_ | '_| | '_ \/ _` | \ \ \ \
 \\/  ___)| |_)| | | | | || (_| |  ) ) ) )
  '  |____| .__|_| |_|_| |_\__, | / / / /
 =========|_|==============|___/=/_/_/_/

 :: Spring Boot ::                (v4.0.7)

2026-09-08T16:13:30.655-03:00  INFO 11524 --- [Hambur-Besa] [           main] c.e.S.SistemaDeGestionApplication        : Starting SistemaDeGestionApplication using Java 21.0.9 with PID 11524 (C:\Users\Usuario\Desktop\SistemaDeGestionGastronomica\SistemaDeGestion\target\classes started by Usuario in C:\Users\Usuario\Desktop\SistemaDeGestionGastronomica\SistemaDeGestion)
2026-09-08T16:13:30.659-03:00  INFO 11524 --- [Hambur-Besa] [           main] c.e.S.SistemaDeGestionApplication        : No active profile set, falling back to 1 default profile: "default"
2026-09-08T16:13:31.916-03:00  INFO 11524 --- [Hambur-Besa] [           main] .s.d.r.c.RepositoryConfigurationDelegate : Bootstrapping Spring Data JPA repositories in DEFAULT mode.
2026-09-08T16:13:32.140-03:00  INFO 11524 --- [Hambur-Besa] [           main] .s.d.r.c.RepositoryConfigurationDelegate : Finished Spring Data repository scanning in 209 ms. Found 12 JPA repository interfaces.
2026-09-08T16:13:33.302-03:00  INFO 11524 --- [Hambur-Besa] [           main] o.s.boot.tomcat.TomcatWebServer          : Tomcat initialized with port 8080 (http)
2026-09-08T16:13:33.326-03:00  INFO 11524 --- [Hambur-Besa] [           main] o.apache.catalina.core.StandardService   : Starting service [Tomcat]
2026-09-08T16:13:33.326-03:00  INFO 11524 --- [Hambur-Besa] [           main] o.apache.catalina.core.StandardEngine    : Starting Servlet engine: [Apache Tomcat/11.0.22]
2026-09-08T16:13:33.411-03:00  INFO 11524 --- [Hambur-Besa] [           main] b.w.c.s.WebApplicationContextInitializer : Root WebApplicationContext: initialization completed in 2680 ms
2026-09-08T16:13:33.528-03:00  INFO 11524 --- [Hambur-Besa] [           main] com.zaxxer.hikari.HikariDataSource       : HikariPool-1 - Starting...
2026-09-08T16:13:35.417-03:00  INFO 11524 --- [Hambur-Besa] [           main] com.zaxxer.hikari.pool.HikariPool        : HikariPool-1 - Added connection org.postgresql.jdbc.PgConnection@935493d
2026-09-08T16:13:35.418-03:00  INFO 11524 --- [Hambur-Besa] [           main] com.zaxxer.hikari.HikariDataSource       : HikariPool-1 - Start completed.
2026-09-08T16:13:39.122-03:00  INFO 11524 --- [Hambur-Besa] [           main] org.hibernate.orm.jpa                    : HHH008540: Processing PersistenceUnitInfo [name: default]
2026-09-08T16:13:39.205-03:00  INFO 11524 --- [Hambur-Besa] [           main] org.hibernate.orm.core                   : HHH000001: Hibernate ORM core version 7.2.19.Final
2026-09-08T16:13:40.016-03:00  INFO 11524 --- [Hambur-Besa] [           main] o.s.o.j.p.SpringPersistenceUnitInfo      : No LoadTimeWeaver setup: ignoring JPA class transformer
2026-09-08T16:13:40.461-03:00  WARN 11524 --- [Hambur-Besa] [           main] org.hibernate.orm.deprecation            : HHH90000025: PostgreSQLDialect does not need to be specified explicitly using 'hibernate.dialect' (remove the property setting and it will be selected by default)
2026-09-08T16:13:41.157-03:00  INFO 11524 --- [Hambur-Besa] [           main] org.hibernate.orm.connections.pooling    : HHH10001005: Database info:
	Database JDBC URL [jdbc:postgresql://ep-nameless-wind-ax9t847a-pooler.c-4.us-east-2.aws.neon.tech/neondb?sslmode=require&channel_binding=require]
	Database driver: PostgreSQL JDBC Driver
	Database dialect: PostgreSQLDialect
	Database version: 18.6
	Default catalog/schema: neondb/public
	Autocommit mode: undefined/unknown
	Isolation level: READ_COMMITTED [default READ_COMMITTED]
	JDBC fetch size: none
	Pool: DataSourceConnectionProvider
	Minimum pool size: undefined/unknown
	Maximum pool size: undefined/unknown
2026-09-08T16:13:42.837-03:00  INFO 11524 --- [Hambur-Besa] [           main] org.hibernate.orm.core                   : HHH000489: No JTA platform available (set 'hibernate.transaction.jta.platform' to enable JTA platform integration)
2026-09-08T16:13:44.670-03:00  INFO 11524 --- [Hambur-Besa] [           main] j.LocalContainerEntityManagerFactoryBean : Initialized JPA EntityManagerFactory for persistence unit 'default'
2026-09-08T16:13:44.753-03:00  INFO 11524 --- [Hambur-Besa] [           main] o.s.d.j.r.query.QueryEnhancerFactories   : Hibernate is in classpath; If applicable, HQL parser will be used.
Constraint pedido_estado_check eliminado (si existía)
2026-09-08T16:13:47.625-03:00  WARN 11524 --- [Hambur-Besa] [           main] JpaBaseConfiguration$JpaWebConfiguration : spring.jpa.open-in-view is enabled by default. Therefore, database queries may be performed during view rendering. Explicitly configure spring.jpa.open-in-view to disable this warning
2026-09-08T16:13:47.733-03:00  WARN 11524 --- [Hambur-Besa] [           main] .s.a.UserDetailsServiceAutoConfiguration : 

Using generated security password: d0771026-be6e-434e-811a-4ad8fb754f10

This generated password is for development use only. Your security configuration must be updated before running your application in production.

2026-09-08T16:13:47.743-03:00  INFO 11524 --- [Hambur-Besa] [           main] r$InitializeUserDetailsManagerConfigurer : Global AuthenticationManager configured with UserDetailsService bean with name inMemoryUserDetailsManager
2026-09-08T16:13:48.344-03:00  INFO 11524 --- [Hambur-Besa] [           main] o.s.boot.tomcat.TomcatWebServer          : Tomcat started on port 8080 (http) with context path '/'
2026-09-08T16:13:48.349-03:00  INFO 11524 --- [Hambur-Besa] [           main] c.e.S.SistemaDeGestionApplication        : Started SistemaDeGestionApplication in 18.279 seconds (process running for 18.761)
Hibernate: select c1_0.id_caja,c1_0.abierta_por,c1_0.descripcion,c1_0.estado,c1_0.fecha_actualizacion,c1_0.fecha_apertura,c1_0.fecha_creacion,c1_0.moneda,c1_0.monto_actual,c1_0.monto_inicial,c1_0.nombre_caja,c1_0.password_hash from caja c1_0 where c1_0.estado=? order by c1_0.fecha_creacion desc
2026-09-08T16:13:48.837-03:00  INFO 11524 --- [Hambur-Besa] [           main] c.e.S.services.domain.CajaStartupCheck   : No hay cajas activas al iniciar
Productos existentes actualizados: activo=true, stock por defecto
=== Datos de prueba cargados ===
Admin: admin@hamburbesa.com / Admin123!
Empleado: empleado@hamburbesa.com / Empleado123!
Cliente: cliente@hamburbesa.com / Cliente123!
2026-09-08T16:14:34.278-03:00  INFO 11524 --- [Hambur-Besa] [nio-8080-exec-1] o.a.c.c.C.[Tomcat].[localhost].[/]       : Initializing Spring DispatcherServlet 'dispatcherServlet'
2026-09-08T16:14:34.278-03:00  INFO 11524 --- [Hambur-Besa] [nio-8080-exec-1] o.s.web.servlet.DispatcherServlet        : Initializing Servlet 'dispatcherServlet'
2026-09-08T16:14:34.280-03:00  INFO 11524 --- [Hambur-Besa] [nio-8080-exec-1] o.s.web.servlet.DispatcherServlet        : Completed initialization in 2 ms
Hibernate: select u1_0.id_usuario,u1_0.apellido,u1_0.email,u1_0.fecha_creacion,u1_0.nombre,u1_0.password,u1_0.rol from usuario u1_0 where upper(u1_0.email)=upper(?)
Hibernate: select u1_0.id_usuario,u1_0.apellido,u1_0.email,u1_0.fecha_creacion,u1_0.nombre,u1_0.password,u1_0.rol from usuario u1_0 where upper(u1_0.email)=upper(?)
Hibernate: select p1_0.id_pedido,p1_0.id_caja,p1_0.estado,p1_0.fecha_actualizacion,p1_0.fecha_creacion,p1_0.met_de_pago,p1_0.total,p1_0.id_usuario from pedido p1_0
Hibernate: select p1_0.id_producto,p1_0.activo,p1_0.categoria_producto,p1_0.descripcion_producto,p1_0.imagen_url,p1_0.nombre_producto,p1_0.precio_producto,p1_0.id_proveedor,p1_0.id_receta,p1_0.stock_actual,p1_0.stock_minimo from producto p1_0
Hibernate: select pi1_0.id_pedido_item,pi1_0.cantidad,pi1_0.id_pedido,pi1_0.precio_unitario,pi1_0.id_producto,pi1_0.subtotal from pedido_item pi1_0
Hibernate: select u1_0.id_usuario,u1_0.apellido,u1_0.email,u1_0.fecha_creacion,u1_0.nombre,u1_0.password,u1_0.rol from usuario u1_0
Hibernate: select coalesce(sum(p1_0.total),0) from pedido p1_0
Hibernate: select coalesce(avg(p1_0.total),0) from pedido p1_0
Hibernate: select coalesce(sum(p1_0.stock_actual),0) from producto p1_0
Hibernate: select count(*) from proveedor p1_0
Hibernate: select p1_0.id_proveedor,p1_0.activo,p1_0.ciudad,p1_0.correo,p1_0.cuit_rut,p1_0.direccion,p1_0.email,p1_0.fecha_alta,p1_0.fecha_creacion,p1_0.nombre,p1_0.razon_social,p1_0.telefono from proveedor p1_0 where p1_0.activo=true order by p1_0.nombre
Hibernate: select u1_0.id_usuario,u1_0.apellido,u1_0.email,u1_0.fecha_creacion,u1_0.nombre,u1_0.password,u1_0.rol from usuario u1_0 where upper(u1_0.email)=upper(?)
Hibernate: select p1_0.id_pedido,p1_0.id_caja,p1_0.estado,p1_0.fecha_actualizacion,p1_0.fecha_creacion,p1_0.met_de_pago,p1_0.total,p1_0.id_usuario from pedido p1_0
Hibernate: select p1_0.id_producto,p1_0.activo,p1_0.categoria_producto,p1_0.descripcion_producto,p1_0.imagen_url,p1_0.nombre_producto,p1_0.precio_producto,p1_0.id_proveedor,p1_0.id_receta,p1_0.stock_actual,p1_0.stock_minimo from producto p1_0
Hibernate: select pi1_0.id_pedido_item,pi1_0.cantidad,pi1_0.id_pedido,pi1_0.precio_unitario,pi1_0.id_producto,pi1_0.subtotal from pedido_item pi1_0
Hibernate: select u1_0.id_usuario,u1_0.apellido,u1_0.email,u1_0.fecha_creacion,u1_0.nombre,u1_0.password,u1_0.rol from usuario u1_0
Hibernate: select coalesce(sum(p1_0.total),0) from pedido p1_0
Hibernate: select coalesce(avg(p1_0.total),0) from pedido p1_0
Hibernate: select coalesce(sum(p1_0.stock_actual),0) from producto p1_0
Hibernate: select count(*) from proveedor p1_0
Hibernate: select p1_0.id_proveedor,p1_0.activo,p1_0.ciudad,p1_0.correo,p1_0.cuit_rut,p1_0.direccion,p1_0.email,p1_0.fecha_alta,p1_0.fecha_creacion,p1_0.nombre,p1_0.razon_social,p1_0.telefono from proveedor p1_0 where p1_0.activo=true order by p1_0.nombre
Hibernate: select u1_0.id_usuario,u1_0.apellido,u1_0.email,u1_0.fecha_creacion,u1_0.nombre,u1_0.password,u1_0.rol from usuario u1_0 where upper(u1_0.email)=upper(?)
Hibernate: select p1_0.id_pedido,p1_0.id_caja,p1_0.estado,p1_0.fecha_actualizacion,p1_0.fecha_creacion,p1_0.met_de_pago,p1_0.total,p1_0.id_usuario from pedido p1_0
Hibernate: select p1_0.id_producto,p1_0.activo,p1_0.categoria_producto,p1_0.descripcion_producto,p1_0.imagen_url,p1_0.nombre_producto,p1_0.precio_producto,p1_0.id_proveedor,p1_0.id_receta,p1_0.stock_actual,p1_0.stock_minimo from producto p1_0
Hibernate: select pi1_0.id_pedido_item,pi1_0.cantidad,pi1_0.id_pedido,pi1_0.precio_unitario,pi1_0.id_producto,pi1_0.subtotal from pedido_item pi1_0
Hibernate: select u1_0.id_usuario,u1_0.apellido,u1_0.email,u1_0.fecha_creacion,u1_0.nombre,u1_0.password,u1_0.rol from usuario u1_0
Hibernate: select coalesce(sum(p1_0.total),0) from pedido p1_0
Hibernate: select coalesce(avg(p1_0.total),0) from pedido p1_0
Hibernate: select coalesce(sum(p1_0.stock_actual),0) from producto p1_0
Hibernate: select count(*) from proveedor p1_0
Hibernate: select p1_0.id_proveedor,p1_0.activo,p1_0.ciudad,p1_0.correo,p1_0.cuit_rut,p1_0.direccion,p1_0.email,p1_0.fecha_alta,p1_0.fecha_creacion,p1_0.nombre,p1_0.razon_social,p1_0.telefono from proveedor p1_0 where p1_0.activo=true order by p1_0.nombre
Hibernate: select u1_0.id_usuario,u1_0.apellido,u1_0.email,u1_0.fecha_creacion,u1_0.nombre,u1_0.password,u1_0.rol from usuario u1_0 where upper(u1_0.email)=upper(?)
Hibernate: select u1_0.id_usuario,u1_0.apellido,u1_0.email,u1_0.fecha_creacion,u1_0.nombre,u1_0.password,u1_0.rol from usuario u1_0 where upper(u1_0.email)=upper(?)
Hibernate: select p1_0.id_proveedor,p1_0.activo,p1_0.ciudad,p1_0.correo,p1_0.cuit_rut,p1_0.direccion,p1_0.email,p1_0.fecha_alta,p1_0.fecha_creacion,p1_0.nombre,p1_0.razon_social,p1_0.telefono from proveedor p1_0 order by p1_0.nombre
Hibernate: select u1_0.id_usuario,u1_0.apellido,u1_0.email,u1_0.fecha_creacion,u1_0.nombre,u1_0.password,u1_0.rol from usuario u1_0 where upper(u1_0.email)=upper(?)
Hibernate: select p1_0.id_proveedor,p1_0.activo,p1_0.ciudad,p1_0.correo,p1_0.cuit_rut,p1_0.direccion,p1_0.email,p1_0.fecha_alta,p1_0.fecha_creacion,p1_0.nombre,p1_0.razon_social,p1_0.telefono from proveedor p1_0 where p1_0.activo=true order by p1_0.nombre
Hibernate: select u1_0.id_usuario,u1_0.apellido,u1_0.email,u1_0.fecha_creacion,u1_0.nombre,u1_0.password,u1_0.rol from usuario u1_0 where upper(u1_0.email)=upper(?)
Hibernate: select p1_0.id_producto,p1_0.activo,p1_0.categoria_producto,p1_0.descripcion_producto,p1_0.imagen_url,p1_0.nombre_producto,p1_0.precio_producto,p1_0.id_proveedor,p1_0.id_receta,p1_0.stock_actual,p1_0.stock_minimo from producto p1_0 where p1_0.activo and p1_0.stock_actual>?
Hibernate: select u1_0.id_usuario,u1_0.apellido,u1_0.email,u1_0.fecha_creacion,u1_0.nombre,u1_0.password,u1_0.rol from usuario u1_0 where upper(u1_0.email)=upper(?)
Hibernate: select p1_0.id_producto,p1_0.activo,p1_0.categoria_producto,p1_0.descripcion_producto,p1_0.imagen_url,p1_0.nombre_producto,p1_0.precio_producto,p1_0.id_proveedor,p1_0.id_receta,p1_0.stock_actual,p1_0.stock_minimo from producto p1_0 where p1_0.activo and p1_0.stock_actual>? and lower(p1_0.categoria_producto)=?
Hibernate: select u1_0.id_usuario,u1_0.apellido,u1_0.email,u1_0.fecha_creacion,u1_0.nombre,u1_0.password,u1_0.rol from usuario u1_0 where upper(u1_0.email)=upper(?)
Hibernate: select p1_0.id_pedido,p1_0.id_caja,p1_0.estado,p1_0.fecha_actualizacion,p1_0.fecha_creacion,p1_0.met_de_pago,p1_0.total,p1_0.id_usuario from pedido p1_0
Hibernate: select p1_0.id_producto,p1_0.activo,p1_0.categoria_producto,p1_0.descripcion_producto,p1_0.imagen_url,p1_0.nombre_producto,p1_0.precio_producto,p1_0.id_proveedor,p1_0.id_receta,p1_0.stock_actual,p1_0.stock_minimo from producto p1_0
Hibernate: select pi1_0.id_pedido_item,pi1_0.cantidad,pi1_0.id_pedido,pi1_0.precio_unitario,pi1_0.id_producto,pi1_0.subtotal from pedido_item pi1_0
Hibernate: select u1_0.id_usuario,u1_0.apellido,u1_0.email,u1_0.fecha_creacion,u1_0.nombre,u1_0.password,u1_0.rol from usuario u1_0
Hibernate: select coalesce(sum(p1_0.total),0) from pedido p1_0
Hibernate: select coalesce(avg(p1_0.total),0) from pedido p1_0
Hibernate: select coalesce(sum(p1_0.stock_actual),0) from producto p1_0
Hibernate: select count(*) from proveedor p1_0
Hibernate: select p1_0.id_proveedor,p1_0.activo,p1_0.ciudad,p1_0.correo,p1_0.cuit_rut,p1_0.direccion,p1_0.email,p1_0.fecha_alta,p1_0.fecha_creacion,p1_0.nombre,p1_0.razon_social,p1_0.telefono from proveedor p1_0 where p1_0.activo=true order by p1_0.nombre
Hibernate: select u1_0.id_usuario,u1_0.apellido,u1_0.email,u1_0.fecha_creacion,u1_0.nombre,u1_0.password,u1_0.rol from usuario u1_0 where upper(u1_0.email)=upper(?)
Hibernate: select c1_0.id_caja,c1_0.abierta_por,c1_0.descripcion,c1_0.estado,c1_0.fecha_actualizacion,c1_0.fecha_apertura,c1_0.fecha_creacion,c1_0.moneda,c1_0.monto_actual,c1_0.monto_inicial,c1_0.nombre_caja,c1_0.password_hash from caja c1_0 order by c1_0.fecha_creacion desc
Hibernate: select u1_0.id_usuario,u1_0.apellido,u1_0.email,u1_0.fecha_creacion,u1_0.nombre,u1_0.password,u1_0.rol from usuario u1_0 where upper(u1_0.email)=upper(?)
Hibernate: select c1_0.id_caja,c1_0.abierta_por,c1_0.descripcion,c1_0.estado,c1_0.fecha_actualizacion,c1_0.fecha_apertura,c1_0.fecha_creacion,c1_0.moneda,c1_0.monto_actual,c1_0.monto_inicial,c1_0.nombre_caja,c1_0.password_hash from caja c1_0 where c1_0.estado in (?,?) order by c1_0.fecha_creacion desc
Hibernate: select u1_0.id_usuario,u1_0.apellido,u1_0.email,u1_0.fecha_creacion,u1_0.nombre,u1_0.password,u1_0.rol from usuario u1_0 where upper(u1_0.email)=upper(?)
Hibernate: select u1_0.id_usuario,u1_0.apellido,u1_0.email,u1_0.fecha_creacion,u1_0.nombre,u1_0.password,u1_0.rol from usuario u1_0 where upper(u1_0.email)=upper(?)
Hibernate: select u1_0.id_usuario,u1_0.apellido,u1_0.email,u1_0.fecha_creacion,u1_0.nombre,u1_0.password,u1_0.rol from usuario u1_0 where upper(u1_0.email)=upper(?)
Hibernate: select r1_0.id_receta,r1_0.descripcion_receta,r1_0.ingredientes_receta,r1_0.nombre_receta from receta r1_0
Hibernate: select i1_0.id_receta,i1_0.id_receta_insumo,i1_0.cantidad,i1_0.id_insumo from receta_insumo i1_0 where i1_0.id_receta=?
Hibernate: select i1_0.id_receta,i1_0.id_receta_insumo,i1_0.cantidad,i1_0.id_insumo from receta_insumo i1_0 where i1_0.id_receta=?
Hibernate: select i1_0.id_receta,i1_0.id_receta_insumo,i1_0.cantidad,i1_0.id_insumo from receta_insumo i1_0 where i1_0.id_receta=?
Hibernate: select i1_0.id_insumo,i1_0.nombre_insumo,i1_0.stock_actual,i1_0.unidad_medida from insumo i1_0 where i1_0.id_insumo=?
Hibernate: select u1_0.id_usuario,u1_0.apellido,u1_0.email,u1_0.fecha_creacion,u1_0.nombre,u1_0.password,u1_0.rol from usuario u1_0 where upper(u1_0.email)=upper(?)
Hibernate: select u1_0.id_usuario,u1_0.apellido,u1_0.email,u1_0.fecha_creacion,u1_0.nombre,u1_0.password,u1_0.rol from usuario u1_0 where upper(u1_0.email)=upper(?)
Hibernate: select u1_0.id_usuario,u1_0.apellido,u1_0.email,u1_0.fecha_creacion,u1_0.nombre,u1_0.password,u1_0.rol from usuario u1_0 where upper(u1_0.email)=upper(?)
Hibernate: select sm1_0.id_stock_movimiento,sm1_0.cantidad,sm1_0.fecha,sm1_0.id_insumo,sm1_0.motivo,sm1_0.id_producto,sm1_0.saldo_posterior,sm1_0.tipo,sm1_0.id_usuario from stock_movimiento sm1_0 order by sm1_0.fecha desc
Hibernate: select p1_0.id_producto,p1_0.activo,p1_0.categoria_producto,p1_0.descripcion_producto,p1_0.imagen_url,p1_0.nombre_producto,p1_0.precio_producto,p1_0.id_proveedor,p1_0.id_receta,p1_0.stock_actual,p1_0.stock_minimo from producto p1_0 where p1_0.id_producto=?
Hibernate: select u1_0.id_usuario,u1_0.apellido,u1_0.email,u1_0.fecha_creacion,u1_0.nombre,u1_0.password,u1_0.rol from usuario u1_0 where u1_0.id_usuario=?
Hibernate: select i1_0.id_insumo,i1_0.nombre_insumo,i1_0.stock_actual,i1_0.unidad_medida from insumo i1_0 where i1_0.id_insumo=?
Hibernate: select u1_0.id_usuario,u1_0.apellido,u1_0.email,u1_0.fecha_creacion,u1_0.nombre,u1_0.password,u1_0.rol from usuario u1_0 where upper(u1_0.email)=upper(?)
Hibernate: select sm1_0.id_stock_movimiento,sm1_0.cantidad,sm1_0.fecha,sm1_0.id_insumo,sm1_0.motivo,sm1_0.id_producto,sm1_0.saldo_posterior,sm1_0.tipo,sm1_0.id_usuario from stock_movimiento sm1_0 where sm1_0.id_producto=? order by sm1_0.fecha desc
Hibernate: select u1_0.id_usuario,u1_0.apellido,u1_0.email,u1_0.fecha_creacion,u1_0.nombre,u1_0.password,u1_0.rol from usuario u1_0 where upper(u1_0.email)=upper(?)
Hibernate: select u1_0.id_usuario,u1_0.apellido,u1_0.email,u1_0.fecha_creacion,u1_0.nombre,u1_0.password,u1_0.rol from usuario u1_0 where upper(u1_0.email)=upper(?)
Hibernate: select u1_0.id_usuario,u1_0.apellido,u1_0.email,u1_0.fecha_creacion,u1_0.nombre,u1_0.password,u1_0.rol from usuario u1_0 where upper(u1_0.email)=upper(?)
Hibernate: select u1_0.id_usuario,u1_0.apellido,u1_0.email,u1_0.fecha_creacion,u1_0.nombre,u1_0.password,u1_0.rol from usuario u1_0 where upper(u1_0.email)=upper(?)
Hibernate: select u1_0.id_usuario,u1_0.apellido,u1_0.email,u1_0.fecha_creacion,u1_0.nombre,u1_0.password,u1_0.rol from usuario u1_0 where upper(u1_0.email)=upper(?)
Hibernate: select u1_0.id_usuario,u1_0.apellido,u1_0.email,u1_0.fecha_creacion,u1_0.nombre,u1_0.password,u1_0.rol from usuario u1_0 where upper(u1_0.email)=upper(?)
Hibernate: select u1_0.id_usuario,u1_0.apellido,u1_0.email,u1_0.fecha_creacion,u1_0.nombre,u1_0.password,u1_0.rol from usuario u1_0 where upper(u1_0.email)=upper(?)
Hibernate: select u1_0.id_usuario,u1_0.apellido,u1_0.email,u1_0.fecha_creacion,u1_0.nombre,u1_0.password,u1_0.rol from usuario u1_0 where upper(u1_0.email)=upper(?)
Hibernate: select p1_0.id_producto,p1_0.activo,p1_0.categoria_producto,p1_0.descripcion_producto,p1_0.imagen_url,p1_0.nombre_producto,p1_0.precio_producto,p1_0.id_proveedor,p1_0.id_receta,p1_0.stock_actual,p1_0.stock_minimo from producto p1_0 where p1_0.activo and p1_0.stock_actual>?
Hibernate: select u1_0.id_usuario,u1_0.apellido,u1_0.email,u1_0.fecha_creacion,u1_0.nombre,u1_0.password,u1_0.rol from usuario u1_0 where upper(u1_0.email)=upper(?)
Hibernate: select r1_0.id_receta,r1_0.descripcion_receta,r1_0.ingredientes_receta,r1_0.nombre_receta from receta r1_0
Hibernate: select i1_0.id_receta,i1_0.id_receta_insumo,i1_0.cantidad,i1_0.id_insumo from receta_insumo i1_0 where i1_0.id_receta=?
Hibernate: select i1_0.id_receta,i1_0.id_receta_insumo,i1_0.cantidad,i1_0.id_insumo from receta_insumo i1_0 where i1_0.id_receta=?
Hibernate: select i1_0.id_receta,i1_0.id_receta_insumo,i1_0.cantidad,i1_0.id_insumo from receta_insumo i1_0 where i1_0.id_receta=?
Hibernate: select i1_0.id_insumo,i1_0.nombre_insumo,i1_0.stock_actual,i1_0.unidad_medida from insumo i1_0 where i1_0.id_insumo=?
Hibernate: select u1_0.id_usuario,u1_0.apellido,u1_0.email,u1_0.fecha_creacion,u1_0.nombre,u1_0.password,u1_0.rol from usuario u1_0 where upper(u1_0.email)=upper(?)
Hibernate: select i1_0.id_insumo,i1_0.nombre_insumo,i1_0.stock_actual,i1_0.unidad_medida from insumo i1_0
Hibernate: select u1_0.id_usuario,u1_0.apellido,u1_0.email,u1_0.fecha_creacion,u1_0.nombre,u1_0.password,u1_0.rol from usuario u1_0 where upper(u1_0.email)=upper(?)
Hibernate: select n1_0.id_notificacion,n1_0.fecha,n1_0.leida,n1_0.mensaje,n1_0.id_producto from notificacion n1_0 order by n1_0.fecha desc
Hibernate: select u1_0.id_usuario,u1_0.apellido,u1_0.email,u1_0.fecha_creacion,u1_0.nombre,u1_0.password,u1_0.rol from usuario u1_0 where upper(u1_0.email)=upper(?)
Hibernate: select p1_0.id_pedido,p1_0.id_caja,p1_0.estado,p1_0.fecha_actualizacion,p1_0.fecha_creacion,p1_0.met_de_pago,p1_0.total,p1_0.id_usuario from pedido p1_0 order by p1_0.fecha_creacion desc
Hibernate: select i1_0.id_pedido,i1_0.id_pedido_item,i1_0.cantidad,i1_0.precio_unitario,i1_0.id_producto,i1_0.subtotal from pedido_item i1_0 where i1_0.id_pedido=?
Hibernate: select p1_0.id_producto,p1_0.activo,p1_0.categoria_producto,p1_0.descripcion_producto,p1_0.imagen_url,p1_0.nombre_producto,p1_0.precio_producto,p1_0.id_proveedor,p1_0.id_receta,p1_0.stock_actual,p1_0.stock_minimo from producto p1_0 where p1_0.id_producto=?
Hibernate: select i1_0.id_pedido,i1_0.id_pedido_item,i1_0.cantidad,i1_0.precio_unitario,i1_0.id_producto,i1_0.subtotal from pedido_item i1_0 where i1_0.id_pedido=?
Hibernate: select i1_0.id_pedido,i1_0.id_pedido_item,i1_0.cantidad,i1_0.precio_unitario,i1_0.id_producto,i1_0.subtotal from pedido_item i1_0 where i1_0.id_pedido=?
Hibernate: select i1_0.id_pedido,i1_0.id_pedido_item,i1_0.cantidad,i1_0.precio_unitario,i1_0.id_producto,i1_0.subtotal from pedido_item i1_0 where i1_0.id_pedido=?
Hibernate: select i1_0.id_pedido,i1_0.id_pedido_item,i1_0.cantidad,i1_0.precio_unitario,i1_0.id_producto,i1_0.subtotal from pedido_item i1_0 where i1_0.id_pedido=?
Hibernate: select i1_0.id_pedido,i1_0.id_pedido_item,i1_0.cantidad,i1_0.precio_unitario,i1_0.id_producto,i1_0.subtotal from pedido_item i1_0 where i1_0.id_pedido=?
Hibernate: select i1_0.id_pedido,i1_0.id_pedido_item,i1_0.cantidad,i1_0.precio_unitario,i1_0.id_producto,i1_0.subtotal from pedido_item i1_0 where i1_0.id_pedido=?
Hibernate: select i1_0.id_pedido,i1_0.id_pedido_item,i1_0.cantidad,i1_0.precio_unitario,i1_0.id_producto,i1_0.subtotal from pedido_item i1_0 where i1_0.id_pedido=?
Hibernate: select i1_0.id_pedido,i1_0.id_pedido_item,i1_0.cantidad,i1_0.precio_unitario,i1_0.id_producto,i1_0.subtotal from pedido_item i1_0 where i1_0.id_pedido=?
Hibernate: select u1_0.id_usuario,u1_0.apellido,u1_0.email,u1_0.fecha_creacion,u1_0.nombre,u1_0.password,u1_0.rol from usuario u1_0 where upper(u1_0.email)=upper(?)
Hibernate: select u1_0.id_usuario,u1_0.apellido,u1_0.email,u1_0.fecha_creacion,u1_0.nombre,u1_0.password,u1_0.rol from usuario u1_0 where upper(u1_0.email)=upper(?)
Hibernate: select p1_0.id_proveedor,p1_0.activo,p1_0.ciudad,p1_0.correo,p1_0.cuit_rut,p1_0.direccion,p1_0.email,p1_0.fecha_alta,p1_0.fecha_creacion,p1_0.nombre,p1_0.razon_social,p1_0.telefono from proveedor p1_0 order by p1_0.nombre
Hibernate: select u1_0.id_usuario,u1_0.apellido,u1_0.email,u1_0.fecha_creacion,u1_0.nombre,u1_0.password,u1_0.rol from usuario u1_0 where upper(u1_0.email)=upper(?)
Hibernate: select p1_0.id_proveedor,p1_0.activo,p1_0.ciudad,p1_0.correo,p1_0.cuit_rut,p1_0.direccion,p1_0.email,p1_0.fecha_alta,p1_0.fecha_creacion,p1_0.nombre,p1_0.razon_social,p1_0.telefono from proveedor p1_0 where p1_0.activo=true order by p1_0.nombre
Hibernate: select u1_0.id_usuario,u1_0.apellido,u1_0.email,u1_0.fecha_creacion,u1_0.nombre,u1_0.password,u1_0.rol from usuario u1_0 where upper(u1_0.email)=upper(?)
Hibernate: select c1_0.id_caja,c1_0.abierta_por,c1_0.descripcion,c1_0.estado,c1_0.fecha_actualizacion,c1_0.fecha_apertura,c1_0.fecha_creacion,c1_0.moneda,c1_0.monto_actual,c1_0.monto_inicial,c1_0.nombre_caja,c1_0.password_hash from caja c1_0 order by c1_0.fecha_creacion desc
Hibernate: select u1_0.id_usuario,u1_0.apellido,u1_0.email,u1_0.fecha_creacion,u1_0.nombre,u1_0.password,u1_0.rol from usuario u1_0 where upper(u1_0.email)=upper(?)
Hibernate: select p1_0.id_pedido,p1_0.id_caja,p1_0.estado,p1_0.fecha_actualizacion,p1_0.fecha_creacion,p1_0.met_de_pago,p1_0.total,p1_0.id_usuario from pedido p1_0
Hibernate: select p1_0.id_producto,p1_0.activo,p1_0.categoria_producto,p1_0.descripcion_producto,p1_0.imagen_url,p1_0.nombre_producto,p1_0.precio_producto,p1_0.id_proveedor,p1_0.id_receta,p1_0.stock_actual,p1_0.stock_minimo from producto p1_0
Hibernate: select pi1_0.id_pedido_item,pi1_0.cantidad,pi1_0.id_pedido,pi1_0.precio_unitario,pi1_0.id_producto,pi1_0.subtotal from pedido_item pi1_0
Hibernate: select u1_0.id_usuario,u1_0.apellido,u1_0.email,u1_0.fecha_creacion,u1_0.nombre,u1_0.password,u1_0.rol from usuario u1_0
Hibernate: select coalesce(sum(p1_0.total),0) from pedido p1_0
Hibernate: select coalesce(avg(p1_0.total),0) from pedido p1_0
Hibernate: select coalesce(sum(p1_0.stock_actual),0) from producto p1_0
Hibernate: select count(*) from proveedor p1_0
Hibernate: select p1_0.id_proveedor,p1_0.activo,p1_0.ciudad,p1_0.correo,p1_0.cuit_rut,p1_0.direccion,p1_0.email,p1_0.fecha_alta,p1_0.fecha_creacion,p1_0.nombre,p1_0.razon_social,p1_0.telefono from proveedor p1_0 where p1_0.activo=true order by p1_0.nombre
Hibernate: select u1_0.id_usuario,u1_0.apellido,u1_0.email,u1_0.fecha_creacion,u1_0.nombre,u1_0.password,u1_0.rol from usuario u1_0 where upper(u1_0.email)=upper(?)
Hibernate: select sm1_0.id_stock_movimiento,sm1_0.cantidad,sm1_0.fecha,sm1_0.id_insumo,sm1_0.motivo,sm1_0.id_producto,sm1_0.saldo_posterior,sm1_0.tipo,sm1_0.id_usuario from stock_movimiento sm1_0 order by sm1_0.fecha desc
Hibernate: select p1_0.id_producto,p1_0.activo,p1_0.categoria_producto,p1_0.descripcion_producto,p1_0.imagen_url,p1_0.nombre_producto,p1_0.precio_producto,p1_0.id_proveedor,p1_0.id_receta,p1_0.stock_actual,p1_0.stock_minimo from producto p1_0 where p1_0.id_producto=?
Hibernate: select u1_0.id_usuario,u1_0.apellido,u1_0.email,u1_0.fecha_creacion,u1_0.nombre,u1_0.password,u1_0.rol from usuario u1_0 where u1_0.id_usuario=?
Hibernate: select i1_0.id_insumo,i1_0.nombre_insumo,i1_0.stock_actual,i1_0.unidad_medida from insumo i1_0 where i1_0.id_insumo=?
Hibernate: select u1_0.id_usuario,u1_0.apellido,u1_0.email,u1_0.fecha_creacion,u1_0.nombre,u1_0.password,u1_0.rol from usuario u1_0 where upper(u1_0.email)=upper(?)
Hibernate: select ca1_0.id_arqueo,ca1_0.id_caja,ca1_0.cantidad_pedidos,ca1_0.cerrado_por,ca1_0.fecha_apertura,ca1_0.fecha_cierre,ca1_0.monto_final,ca1_0.monto_inicial,ca1_0.total_credito,ca1_0.total_debito,ca1_0.total_efectivo,ca1_0.total_transferencia from caja_arqueo ca1_0 order by ca1_0.fecha_cierre desc
Hibernate: select c1_0.id_caja,c1_0.abierta_por,c1_0.descripcion,c1_0.estado,c1_0.fecha_actualizacion,c1_0.fecha_apertura,c1_0.fecha_creacion,c1_0.moneda,c1_0.monto_actual,c1_0.monto_inicial,c1_0.nombre_caja,c1_0.password_hash from caja c1_0 where c1_0.id_caja=?
Hibernate: select u1_0.id_usuario,u1_0.apellido,u1_0.email,u1_0.fecha_creacion,u1_0.nombre,u1_0.password,u1_0.rol from usuario u1_0 where upper(u1_0.email)=upper(?)
Hibernate: select u1_0.id_usuario,u1_0.apellido,u1_0.email,u1_0.fecha_creacion,u1_0.nombre,u1_0.password,u1_0.rol from usuario u1_0 where upper(u1_0.email)=upper(?)
Hibernate: select p1_0.id_producto,p1_0.activo,p1_0.categoria_producto,p1_0.descripcion_producto,p1_0.imagen_url,p1_0.nombre_producto,p1_0.precio_producto,p1_0.id_proveedor,p1_0.id_receta,p1_0.stock_actual,p1_0.stock_minimo from producto p1_0 where p1_0.activo and p1_0.stock_actual>?
Hibernate: select u1_0.id_usuario,u1_0.apellido,u1_0.email,u1_0.fecha_creacion,u1_0.nombre,u1_0.password,u1_0.rol from usuario u1_0 where upper(u1_0.email)=upper(?)
Hibernate: select u1_0.id_usuario,u1_0.apellido,u1_0.email,u1_0.fecha_creacion,u1_0.nombre,u1_0.password,u1_0.rol from usuario u1_0 where upper(u1_0.email)=upper(?)
Hibernate: select r1_0.id_receta,r1_0.descripcion_receta,r1_0.ingredientes_receta,r1_0.nombre_receta from receta r1_0
Hibernate: select u1_0.id_usuario,u1_0.apellido,u1_0.email,u1_0.fecha_creacion,u1_0.nombre,u1_0.password,u1_0.rol from usuario u1_0 where upper(u1_0.email)=upper(?)
Hibernate: select u1_0.id_usuario,u1_0.apellido,u1_0.email,u1_0.fecha_creacion,u1_0.nombre,u1_0.password,u1_0.rol from usuario u1_0 where upper(u1_0.email)=upper(?)
Hibernate: select u1_0.id_usuario,u1_0.apellido,u1_0.email,u1_0.fecha_creacion,u1_0.nombre,u1_0.password,u1_0.rol from usuario u1_0 where upper(u1_0.email)=upper(?)
Hibernate: select i1_0.id_receta,i1_0.id_receta_insumo,i1_0.cantidad,i1_0.id_insumo from receta_insumo i1_0 where i1_0.id_receta=?
Hibernate: select p1_0.id_producto,p1_0.activo,p1_0.categoria_producto,p1_0.descripcion_producto,p1_0.imagen_url,p1_0.nombre_producto,p1_0.precio_producto,p1_0.id_proveedor,p1_0.id_receta,p1_0.stock_actual,p1_0.stock_minimo from producto p1_0 where p1_0.activo and p1_0.stock_actual>?
Hibernate: select n1_0.id_notificacion,n1_0.fecha,n1_0.leida,n1_0.mensaje,n1_0.id_producto from notificacion n1_0 where n1_0.leida=false order by n1_0.fecha desc
Hibernate: select p1_0.id_proveedor,p1_0.activo,p1_0.ciudad,p1_0.correo,p1_0.cuit_rut,p1_0.direccion,p1_0.email,p1_0.fecha_alta,p1_0.fecha_creacion,p1_0.nombre,p1_0.razon_social,p1_0.telefono from proveedor p1_0 where p1_0.activo=true order by p1_0.nombre
Hibernate: select i1_0.id_receta,i1_0.id_receta_insumo,i1_0.cantidad,i1_0.id_insumo from receta_insumo i1_0 where i1_0.id_receta=?
Hibernate: select i1_0.id_receta,i1_0.id_receta_insumo,i1_0.cantidad,i1_0.id_insumo from receta_insumo i1_0 where i1_0.id_receta=?
Hibernate: select i1_0.id_insumo,i1_0.nombre_insumo,i1_0.stock_actual,i1_0.unidad_medida from insumo i1_0 where i1_0.id_insumo=?
Hibernate: select u1_0.id_usuario,u1_0.apellido,u1_0.email,u1_0.fecha_creacion,u1_0.nombre,u1_0.password,u1_0.rol from usuario u1_0 where upper(u1_0.email)=upper(?)
Hibernate: select u1_0.id_usuario,u1_0.apellido,u1_0.email,u1_0.fecha_creacion,u1_0.nombre,u1_0.password,u1_0.rol from usuario u1_0 where upper(u1_0.email)=upper(?)
Hibernate: select u1_0.id_usuario,u1_0.apellido,u1_0.email,u1_0.fecha_creacion,u1_0.nombre,u1_0.password,u1_0.rol from usuario u1_0 where upper(u1_0.email)=upper(?)
Hibernate: select sm1_0.id_stock_movimiento,sm1_0.cantidad,sm1_0.fecha,sm1_0.id_insumo,sm1_0.motivo,sm1_0.id_producto,sm1_0.saldo_posterior,sm1_0.tipo,sm1_0.id_usuario from stock_movimiento sm1_0 order by sm1_0.fecha desc
Hibernate: select p1_0.id_producto,p1_0.activo,p1_0.categoria_producto,p1_0.descripcion_producto,p1_0.imagen_url,p1_0.nombre_producto,p1_0.precio_producto,p1_0.id_proveedor,p1_0.id_receta,p1_0.stock_actual,p1_0.stock_minimo from producto p1_0 where p1_0.activo and p1_0.stock_actual>?
Hibernate: select i1_0.id_insumo,i1_0.nombre_insumo,i1_0.stock_actual,i1_0.unidad_medida from insumo i1_0
Hibernate: select p1_0.id_producto,p1_0.activo,p1_0.categoria_producto,p1_0.descripcion_producto,p1_0.imagen_url,p1_0.nombre_producto,p1_0.precio_producto,p1_0.id_proveedor,p1_0.id_receta,p1_0.stock_actual,p1_0.stock_minimo from producto p1_0 where p1_0.id_producto=?
Hibernate: select u1_0.id_usuario,u1_0.apellido,u1_0.email,u1_0.fecha_creacion,u1_0.nombre,u1_0.password,u1_0.rol from usuario u1_0 where u1_0.id_usuario=?
Hibernate: select i1_0.id_insumo,i1_0.nombre_insumo,i1_0.stock_actual,i1_0.unidad_medida from insumo i1_0 where i1_0.id_insumo=?
Hibernate: select u1_0.id_usuario,u1_0.apellido,u1_0.email,u1_0.fecha_creacion,u1_0.nombre,u1_0.password,u1_0.rol from usuario u1_0 where upper(u1_0.email)=upper(?)
Hibernate: select p1_0.id_pedido,p1_0.id_caja,p1_0.estado,p1_0.fecha_actualizacion,p1_0.fecha_creacion,p1_0.met_de_pago,p1_0.total,p1_0.id_usuario from pedido p1_0
Hibernate: select p1_0.id_producto,p1_0.activo,p1_0.categoria_producto,p1_0.descripcion_producto,p1_0.imagen_url,p1_0.nombre_producto,p1_0.precio_producto,p1_0.id_proveedor,p1_0.id_receta,p1_0.stock_actual,p1_0.stock_minimo from producto p1_0
Hibernate: select pi1_0.id_pedido_item,pi1_0.cantidad,pi1_0.id_pedido,pi1_0.precio_unitario,pi1_0.id_producto,pi1_0.subtotal from pedido_item pi1_0
Hibernate: select u1_0.id_usuario,u1_0.apellido,u1_0.email,u1_0.fecha_creacion,u1_0.nombre,u1_0.password,u1_0.rol from usuario u1_0
Hibernate: select coalesce(sum(p1_0.total),0) from pedido p1_0
Hibernate: select coalesce(avg(p1_0.total),0) from pedido p1_0
Hibernate: select coalesce(sum(p1_0.stock_actual),0) from producto p1_0
Hibernate: select count(*) from proveedor p1_0
Hibernate: select p1_0.id_proveedor,p1_0.activo,p1_0.ciudad,p1_0.correo,p1_0.cuit_rut,p1_0.direccion,p1_0.email,p1_0.fecha_alta,p1_0.fecha_creacion,p1_0.nombre,p1_0.razon_social,p1_0.telefono from proveedor p1_0 where p1_0.activo=true order by p1_0.nombre
Hibernate: select u1_0.id_usuario,u1_0.apellido,u1_0.email,u1_0.fecha_creacion,u1_0.nombre,u1_0.password,u1_0.rol from usuario u1_0 where upper(u1_0.email)=upper(?)
Hibernate: select p1_0.id_producto,p1_0.activo,p1_0.categoria_producto,p1_0.descripcion_producto,p1_0.imagen_url,p1_0.nombre_producto,p1_0.precio_producto,p1_0.id_proveedor,p1_0.id_receta,p1_0.stock_actual,p1_0.stock_minimo from producto p1_0 where p1_0.activo and p1_0.stock_actual>?
Hibernate: select u1_0.id_usuario,u1_0.apellido,u1_0.email,u1_0.fecha_creacion,u1_0.nombre,u1_0.password,u1_0.rol from usuario u1_0 where upper(u1_0.email)=upper(?)
Hibernate: select p1_0.id_pedido,p1_0.id_caja,p1_0.estado,p1_0.fecha_actualizacion,p1_0.fecha_creacion,p1_0.met_de_pago,p1_0.total,p1_0.id_usuario from pedido p1_0 order by p1_0.fecha_creacion desc
Hibernate: select i1_0.id_pedido,i1_0.id_pedido_item,i1_0.cantidad,i1_0.precio_unitario,i1_0.id_producto,i1_0.subtotal from pedido_item i1_0 where i1_0.id_pedido=?
Hibernate: select p1_0.id_producto,p1_0.activo,p1_0.categoria_producto,p1_0.descripcion_producto,p1_0.imagen_url,p1_0.nombre_producto,p1_0.precio_producto,p1_0.id_proveedor,p1_0.id_receta,p1_0.stock_actual,p1_0.stock_minimo from producto p1_0 where p1_0.id_producto=?
Hibernate: select i1_0.id_pedido,i1_0.id_pedido_item,i1_0.cantidad,i1_0.precio_unitario,i1_0.id_producto,i1_0.subtotal from pedido_item i1_0 where i1_0.id_pedido=?
Hibernate: select i1_0.id_pedido,i1_0.id_pedido_item,i1_0.cantidad,i1_0.precio_unitario,i1_0.id_producto,i1_0.subtotal from pedido_item i1_0 where i1_0.id_pedido=?
Hibernate: select i1_0.id_pedido,i1_0.id_pedido_item,i1_0.cantidad,i1_0.precio_unitario,i1_0.id_producto,i1_0.subtotal from pedido_item i1_0 where i1_0.id_pedido=?
Hibernate: select i1_0.id_pedido,i1_0.id_pedido_item,i1_0.cantidad,i1_0.precio_unitario,i1_0.id_producto,i1_0.subtotal from pedido_item i1_0 where i1_0.id_pedido=?
Hibernate: select i1_0.id_pedido,i1_0.id_pedido_item,i1_0.cantidad,i1_0.precio_unitario,i1_0.id_producto,i1_0.subtotal from pedido_item i1_0 where i1_0.id_pedido=?
Hibernate: select i1_0.id_pedido,i1_0.id_pedido_item,i1_0.cantidad,i1_0.precio_unitario,i1_0.id_producto,i1_0.subtotal from pedido_item i1_0 where i1_0.id_pedido=?
Hibernate: select i1_0.id_pedido,i1_0.id_pedido_item,i1_0.cantidad,i1_0.precio_unitario,i1_0.id_producto,i1_0.subtotal from pedido_item i1_0 where i1_0.id_pedido=?
Hibernate: select i1_0.id_pedido,i1_0.id_pedido_item,i1_0.cantidad,i1_0.precio_unitario,i1_0.id_producto,i1_0.subtotal from pedido_item i1_0 where i1_0.id_pedido=?
Hibernate: select u1_0.id_usuario,u1_0.apellido,u1_0.email,u1_0.fecha_creacion,u1_0.nombre,u1_0.password,u1_0.rol from usuario u1_0 where upper(u1_0.email)=upper(?)
Hibernate: select p1_0.id_producto,p1_0.activo,p1_0.categoria_producto,p1_0.descripcion_producto,p1_0.imagen_url,p1_0.nombre_producto,p1_0.precio_producto,p1_0.id_proveedor,p1_0.id_receta,p1_0.stock_actual,p1_0.stock_minimo from producto p1_0 where p1_0.activo and p1_0.stock_actual>?
Hibernate: select u1_0.id_usuario,u1_0.apellido,u1_0.email,u1_0.fecha_creacion,u1_0.nombre,u1_0.password,u1_0.rol from usuario u1_0 where upper(u1_0.email)=upper(?)
Hibernate: select u1_0.id_usuario,u1_0.apellido,u1_0.email,u1_0.fecha_creacion,u1_0.nombre,u1_0.password,u1_0.rol from usuario u1_0 where upper(u1_0.email)=upper(?)
Hibernate: select p1_0.id_proveedor,p1_0.activo,p1_0.ciudad,p1_0.correo,p1_0.cuit_rut,p1_0.direccion,p1_0.email,p1_0.fecha_alta,p1_0.fecha_creacion,p1_0.nombre,p1_0.razon_social,p1_0.telefono from proveedor p1_0 order by p1_0.nombre
Hibernate: select u1_0.id_usuario,u1_0.apellido,u1_0.email,u1_0.fecha_creacion,u1_0.nombre,u1_0.password,u1_0.rol from usuario u1_0 where upper(u1_0.email)=upper(?)
Hibernate: select p1_0.id_producto,p1_0.activo,p1_0.categoria_producto,p1_0.descripcion_producto,p1_0.imagen_url,p1_0.nombre_producto,p1_0.precio_producto,p1_0.id_proveedor,p1_0.id_receta,p1_0.stock_actual,p1_0.stock_minimo from producto p1_0 where p1_0.activo and p1_0.stock_actual>?
Hibernate: select u1_0.id_usuario,u1_0.apellido,u1_0.email,u1_0.fecha_creacion,u1_0.nombre,u1_0.password,u1_0.rol from usuario u1_0 where upper(u1_0.email)=upper(?)
Hibernate: select u1_0.id_usuario,u1_0.apellido,u1_0.email,u1_0.fecha_creacion,u1_0.nombre,u1_0.password,u1_0.rol from usuario u1_0 where upper(u1_0.email)=upper(?)
Hibernate: select u1_0.id_usuario,u1_0.apellido,u1_0.email,u1_0.fecha_creacion,u1_0.nombre,u1_0.password,u1_0.rol from usuario u1_0 where upper(u1_0.email)=upper(?)
Hibernate: select u1_0.id_usuario,u1_0.apellido,u1_0.email,u1_0.fecha_creacion,u1_0.nombre,u1_0.password,u1_0.rol from usuario u1_0 where upper(u1_0.email)=upper(?)
Hibernate: select r1_0.id_receta,r1_0.descripcion_receta,r1_0.ingredientes_receta,r1_0.nombre_receta from receta r1_0
Hibernate: select p1_0.id_producto,p1_0.activo,p1_0.categoria_producto,p1_0.descripcion_producto,p1_0.imagen_url,p1_0.nombre_producto,p1_0.precio_producto,p1_0.id_proveedor,p1_0.id_receta,p1_0.stock_actual,p1_0.stock_minimo from producto p1_0 where p1_0.activo and p1_0.stock_actual>?
Hibernate: select n1_0.id_notificacion,n1_0.fecha,n1_0.leida,n1_0.mensaje,n1_0.id_producto from notificacion n1_0 where n1_0.leida=false order by n1_0.fecha desc
Hibernate: select p1_0.id_proveedor,p1_0.activo,p1_0.ciudad,p1_0.correo,p1_0.cuit_rut,p1_0.direccion,p1_0.email,p1_0.fecha_alta,p1_0.fecha_creacion,p1_0.nombre,p1_0.razon_social,p1_0.telefono from proveedor p1_0 where p1_0.activo=true order by p1_0.nombre
Hibernate: select i1_0.id_receta,i1_0.id_receta_insumo,i1_0.cantidad,i1_0.id_insumo from receta_insumo i1_0 where i1_0.id_receta=?
Hibernate: select i1_0.id_receta,i1_0.id_receta_insumo,i1_0.cantidad,i1_0.id_insumo from receta_insumo i1_0 where i1_0.id_receta=?
Hibernate: select i1_0.id_receta,i1_0.id_receta_insumo,i1_0.cantidad,i1_0.id_insumo from receta_insumo i1_0 where i1_0.id_receta=?
Hibernate: select i1_0.id_insumo,i1_0.nombre_insumo,i1_0.stock_actual,i1_0.unidad_medida from insumo i1_0 where i1_0.id_insumo=?
Hibernate: select u1_0.id_usuario,u1_0.apellido,u1_0.email,u1_0.fecha_creacion,u1_0.nombre,u1_0.password,u1_0.rol from usuario u1_0 where upper(u1_0.email)=upper(?)
Hibernate: select u1_0.id_usuario,u1_0.apellido,u1_0.email,u1_0.fecha_creacion,u1_0.nombre,u1_0.password,u1_0.rol from usuario u1_0 where upper(u1_0.email)=upper(?)
Hibernate: select u1_0.id_usuario,u1_0.apellido,u1_0.email,u1_0.fecha_creacion,u1_0.nombre,u1_0.password,u1_0.rol from usuario u1_0 where upper(u1_0.email)=upper(?)
Hibernate: select u1_0.id_usuario,u1_0.apellido,u1_0.email,u1_0.fecha_creacion,u1_0.nombre,u1_0.password,u1_0.rol from usuario u1_0 where upper(u1_0.email)=upper(?)
Hibernate: select r1_0.id_receta,r1_0.descripcion_receta,r1_0.ingredientes_receta,r1_0.nombre_receta from receta r1_0
Hibernate: select n1_0.id_notificacion,n1_0.fecha,n1_0.leida,n1_0.mensaje,n1_0.id_producto from notificacion n1_0 where n1_0.leida=false order by n1_0.fecha desc
Hibernate: select p1_0.id_producto,p1_0.activo,p1_0.categoria_producto,p1_0.descripcion_producto,p1_0.imagen_url,p1_0.nombre_producto,p1_0.precio_producto,p1_0.id_proveedor,p1_0.id_receta,p1_0.stock_actual,p1_0.stock_minimo from producto p1_0 where p1_0.activo and p1_0.stock_actual>?
Hibernate: select p1_0.id_proveedor,p1_0.activo,p1_0.ciudad,p1_0.correo,p1_0.cuit_rut,p1_0.direccion,p1_0.email,p1_0.fecha_alta,p1_0.fecha_creacion,p1_0.nombre,p1_0.razon_social,p1_0.telefono from proveedor p1_0 where p1_0.activo=true order by p1_0.nombre
Hibernate: select i1_0.id_receta,i1_0.id_receta_insumo,i1_0.cantidad,i1_0.id_insumo from receta_insumo i1_0 where i1_0.id_receta=?
Hibernate: select i1_0.id_receta,i1_0.id_receta_insumo,i1_0.cantidad,i1_0.id_insumo from receta_insumo i1_0 where i1_0.id_receta=?
Hibernate: select i1_0.id_receta,i1_0.id_receta_insumo,i1_0.cantidad,i1_0.id_insumo from receta_insumo i1_0 where i1_0.id_receta=?
Hibernate: select i1_0.id_insumo,i1_0.nombre_insumo,i1_0.stock_actual,i1_0.unidad_medida from insumo i1_0 where i1_0.id_insumo=?
Hibernate: select u1_0.id_usuario,u1_0.apellido,u1_0.email,u1_0.fecha_creacion,u1_0.nombre,u1_0.password,u1_0.rol from usuario u1_0 where upper(u1_0.email)=upper(?)
Hibernate: select p1_0.id_proveedor,p1_0.activo,p1_0.ciudad,p1_0.correo,p1_0.cuit_rut,p1_0.direccion,p1_0.email,p1_0.fecha_alta,p1_0.fecha_creacion,p1_0.nombre,p1_0.razon_social,p1_0.telefono from proveedor p1_0 order by p1_0.nombre
Hibernate: select u1_0.id_usuario,u1_0.apellido,u1_0.email,u1_0.fecha_creacion,u1_0.nombre,u1_0.password,u1_0.rol from usuario u1_0 where upper(u1_0.email)=upper(?)
Hibernate: select p1_0.id_pedido,p1_0.id_caja,p1_0.estado,p1_0.fecha_actualizacion,p1_0.fecha_creacion,p1_0.met_de_pago,p1_0.total,p1_0.id_usuario from pedido p1_0 order by p1_0.fecha_creacion desc
Hibernate: select i1_0.id_pedido,i1_0.id_pedido_item,i1_0.cantidad,i1_0.precio_unitario,i1_0.id_producto,i1_0.subtotal from pedido_item i1_0 where i1_0.id_pedido=?
Hibernate: select p1_0.id_producto,p1_0.activo,p1_0.categoria_producto,p1_0.descripcion_producto,p1_0.imagen_url,p1_0.nombre_producto,p1_0.precio_producto,p1_0.id_proveedor,p1_0.id_receta,p1_0.stock_actual,p1_0.stock_minimo from producto p1_0 where p1_0.id_producto=?
Hibernate: select i1_0.id_pedido,i1_0.id_pedido_item,i1_0.cantidad,i1_0.precio_unitario,i1_0.id_producto,i1_0.subtotal from pedido_item i1_0 where i1_0.id_pedido=?
Hibernate: select i1_0.id_pedido,i1_0.id_pedido_item,i1_0.cantidad,i1_0.precio_unitario,i1_0.id_producto,i1_0.subtotal from pedido_item i1_0 where i1_0.id_pedido=?
Hibernate: select i1_0.id_pedido,i1_0.id_pedido_item,i1_0.cantidad,i1_0.precio_unitario,i1_0.id_producto,i1_0.subtotal from pedido_item i1_0 where i1_0.id_pedido=?
Hibernate: select i1_0.id_pedido,i1_0.id_pedido_item,i1_0.cantidad,i1_0.precio_unitario,i1_0.id_producto,i1_0.subtotal from pedido_item i1_0 where i1_0.id_pedido=?
Hibernate: select i1_0.id_pedido,i1_0.id_pedido_item,i1_0.cantidad,i1_0.precio_unitario,i1_0.id_producto,i1_0.subtotal from pedido_item i1_0 where i1_0.id_pedido=?
Hibernate: select i1_0.id_pedido,i1_0.id_pedido_item,i1_0.cantidad,i1_0.precio_unitario,i1_0.id_producto,i1_0.subtotal from pedido_item i1_0 where i1_0.id_pedido=?
Hibernate: select i1_0.id_pedido,i1_0.id_pedido_item,i1_0.cantidad,i1_0.precio_unitario,i1_0.id_producto,i1_0.subtotal from pedido_item i1_0 where i1_0.id_pedido=?
Hibernate: select i1_0.id_pedido,i1_0.id_pedido_item,i1_0.cantidad,i1_0.precio_unitario,i1_0.id_producto,i1_0.subtotal from pedido_item i1_0 where i1_0.id_pedido=?
Hibernate: select u1_0.id_usuario,u1_0.apellido,u1_0.email,u1_0.fecha_creacion,u1_0.nombre,u1_0.password,u1_0.rol from usuario u1_0 where upper(u1_0.email)=upper(?)
Hibernate: select p1_0.id_proveedor,p1_0.activo,p1_0.ciudad,p1_0.correo,p1_0.cuit_rut,p1_0.direccion,p1_0.email,p1_0.fecha_alta,p1_0.fecha_creacion,p1_0.nombre,p1_0.razon_social,p1_0.telefono from proveedor p1_0 order by p1_0.nombre
Hibernate: select u1_0.id_usuario,u1_0.apellido,u1_0.email,u1_0.fecha_creacion,u1_0.nombre,u1_0.password,u1_0.rol from usuario u1_0 where upper(u1_0.email)=upper(?)
Hibernate: select c1_0.id_caja,c1_0.abierta_por,c1_0.descripcion,c1_0.estado,c1_0.fecha_actualizacion,c1_0.fecha_apertura,c1_0.fecha_creacion,c1_0.moneda,c1_0.monto_actual,c1_0.monto_inicial,c1_0.nombre_caja,c1_0.password_hash from caja c1_0 order by c1_0.fecha_creacion desc
Hibernate: select u1_0.id_usuario,u1_0.apellido,u1_0.email,u1_0.fecha_creacion,u1_0.nombre,u1_0.password,u1_0.rol from usuario u1_0 where upper(u1_0.email)=upper(?)
Hibernate: select c1_0.id_caja,c1_0.abierta_por,c1_0.descripcion,c1_0.estado,c1_0.fecha_actualizacion,c1_0.fecha_apertura,c1_0.fecha_creacion,c1_0.moneda,c1_0.monto_actual,c1_0.monto_inicial,c1_0.nombre_caja,c1_0.password_hash from caja c1_0 where c1_0.id_caja=?
Hibernate: select u1_0.id_usuario,u1_0.apellido,u1_0.email,u1_0.fecha_creacion,u1_0.nombre,u1_0.password,u1_0.rol from usuario u1_0 where upper(u1_0.email)=upper(?)
Hibernate: select u1_0.id_usuario,u1_0.apellido,u1_0.email,u1_0.fecha_creacion,u1_0.nombre,u1_0.password,u1_0.rol from usuario u1_0 where upper(u1_0.email)=upper(?)
Hibernate: select c1_0.id_caja,c1_0.abierta_por,c1_0.descripcion,c1_0.estado,c1_0.fecha_actualizacion,c1_0.fecha_apertura,c1_0.fecha_creacion,c1_0.moneda,c1_0.monto_actual,c1_0.monto_inicial,c1_0.nombre_caja,c1_0.password_hash from caja c1_0 where c1_0.id_caja=?
Hibernate: select coalesce(sum(p1_0.total),0) from pedido p1_0 where p1_0.id_caja=? and p1_0.met_de_pago=? and p1_0.estado<>'cancelado'
Hibernate: select c1_0.id_caja,c1_0.abierta_por,c1_0.descripcion,c1_0.estado,c1_0.fecha_actualizacion,c1_0.fecha_apertura,c1_0.fecha_creacion,c1_0.moneda,c1_0.monto_actual,c1_0.monto_inicial,c1_0.nombre_caja,c1_0.password_hash from caja c1_0 where c1_0.id_caja=?
Hibernate: select coalesce(sum(p1_0.total),0) from pedido p1_0 where p1_0.id_caja=? and p1_0.met_de_pago=? and p1_0.estado<>'cancelado'
Hibernate: select p1_0.id_pedido,p1_0.id_caja,p1_0.estado,p1_0.fecha_actualizacion,p1_0.fecha_creacion,p1_0.met_de_pago,p1_0.total,p1_0.id_usuario from pedido p1_0 where p1_0.id_caja=? order by p1_0.fecha_creacion desc
Hibernate: select coalesce(sum(p1_0.total),0) from pedido p1_0 where p1_0.id_caja=? and p1_0.met_de_pago=? and p1_0.estado<>'cancelado'
Hibernate: select i1_0.id_pedido,i1_0.id_pedido_item,i1_0.cantidad,i1_0.precio_unitario,i1_0.id_producto,i1_0.subtotal from pedido_item i1_0 where i1_0.id_pedido=?
Hibernate: select coalesce(sum(p1_0.total),0) from pedido p1_0 where p1_0.id_caja=? and p1_0.met_de_pago=? and p1_0.estado<>'cancelado'
Hibernate: select p1_0.id_producto,p1_0.activo,p1_0.categoria_producto,p1_0.descripcion_producto,p1_0.imagen_url,p1_0.nombre_producto,p1_0.precio_producto,p1_0.id_proveedor,p1_0.id_receta,p1_0.stock_actual,p1_0.stock_minimo from producto p1_0 where p1_0.id_producto=?
Hibernate: select i1_0.id_pedido,i1_0.id_pedido_item,i1_0.cantidad,i1_0.precio_unitario,i1_0.id_producto,i1_0.subtotal from pedido_item i1_0 where i1_0.id_pedido=?
Hibernate: select i1_0.id_pedido,i1_0.id_pedido_item,i1_0.cantidad,i1_0.precio_unitario,i1_0.id_producto,i1_0.subtotal from pedido_item i1_0 where i1_0.id_pedido=?
Hibernate: select i1_0.id_pedido,i1_0.id_pedido_item,i1_0.cantidad,i1_0.precio_unitario,i1_0.id_producto,i1_0.subtotal from pedido_item i1_0 where i1_0.id_pedido=?
Hibernate: select i1_0.id_pedido,i1_0.id_pedido_item,i1_0.cantidad,i1_0.precio_unitario,i1_0.id_producto,i1_0.subtotal from pedido_item i1_0 where i1_0.id_pedido=?
Hibernate: select i1_0.id_pedido,i1_0.id_pedido_item,i1_0.cantidad,i1_0.precio_unitario,i1_0.id_producto,i1_0.subtotal from pedido_item i1_0 where i1_0.id_pedido=?
Hibernate: select i1_0.id_pedido,i1_0.id_pedido_item,i1_0.cantidad,i1_0.precio_unitario,i1_0.id_producto,i1_0.subtotal from pedido_item i1_0 where i1_0.id_pedido=?
Hibernate: select u1_0.id_usuario,u1_0.apellido,u1_0.email,u1_0.fecha_creacion,u1_0.nombre,u1_0.password,u1_0.rol from usuario u1_0 where upper(u1_0.email)=upper(?)
Hibernate: select c1_0.id_caja,c1_0.abierta_por,c1_0.descripcion,c1_0.estado,c1_0.fecha_actualizacion,c1_0.fecha_apertura,c1_0.fecha_creacion,c1_0.moneda,c1_0.monto_actual,c1_0.monto_inicial,c1_0.nombre_caja,c1_0.password_hash from caja c1_0 order by c1_0.fecha_creacion desc
Hibernate: select u1_0.id_usuario,u1_0.apellido,u1_0.email,u1_0.fecha_creacion,u1_0.nombre,u1_0.password,u1_0.rol from usuario u1_0 where upper(u1_0.email)=upper(?)
Hibernate: select r1_0.id_resena,r1_0.calificacion,r1_0.comentario,r1_0.fecha_creacion,r1_0.id_pedido,r1_0.id_usuario from resena r1_0 order by r1_0.fecha_creacion desc
Hibernate: select u1_0.id_usuario,u1_0.apellido,u1_0.email,u1_0.fecha_creacion,u1_0.nombre,u1_0.password,u1_0.rol from usuario u1_0 where u1_0.id_usuario=?
Hibernate: select p1_0.id_pedido,p1_0.id_caja,p1_0.estado,p1_0.fecha_actualizacion,p1_0.fecha_creacion,p1_0.met_de_pago,p1_0.total,p1_0.id_usuario from pedido p1_0 where p1_0.id_pedido=?
Hibernate: select i1_0.id_pedido,i1_0.id_pedido_item,i1_0.cantidad,i1_0.precio_unitario,i1_0.id_producto,i1_0.subtotal from pedido_item i1_0 where i1_0.id_pedido=?
Hibernate: select p1_0.id_producto,p1_0.activo,p1_0.categoria_producto,p1_0.descripcion_producto,p1_0.imagen_url,p1_0.nombre_producto,p1_0.precio_producto,p1_0.id_proveedor,p1_0.id_receta,p1_0.stock_actual,p1_0.stock_minimo from producto p1_0 where p1_0.id_producto=?
Hibernate: select u1_0.id_usuario,u1_0.apellido,u1_0.email,u1_0.fecha_creacion,u1_0.nombre,u1_0.password,u1_0.rol from usuario u1_0 where upper(u1_0.email)=upper(?)
Hibernate: select u1_0.id_usuario,u1_0.apellido,u1_0.email,u1_0.fecha_creacion,u1_0.nombre,u1_0.password,u1_0.rol from usuario u1_0 where upper(u1_0.email)=upper(?)
Hibernate: select ca1_0.id_arqueo,ca1_0.id_caja,ca1_0.cantidad_pedidos,ca1_0.cerrado_por,ca1_0.fecha_apertura,ca1_0.fecha_cierre,ca1_0.monto_final,ca1_0.monto_inicial,ca1_0.total_credito,ca1_0.total_debito,ca1_0.total_efectivo,ca1_0.total_transferencia from caja_arqueo ca1_0 order by ca1_0.fecha_cierre desc
Hibernate: select p1_0.id_pedido,p1_0.id_caja,p1_0.estado,p1_0.fecha_actualizacion,p1_0.fecha_creacion,p1_0.met_de_pago,p1_0.total,p1_0.id_usuario from pedido p1_0 where p1_0.fecha_creacion between ? and ? order by p1_0.fecha_creacion desc
Hibernate: select c1_0.id_caja,c1_0.abierta_por,c1_0.descripcion,c1_0.estado,c1_0.fecha_actualizacion,c1_0.fecha_apertura,c1_0.fecha_creacion,c1_0.moneda,c1_0.monto_actual,c1_0.monto_inicial,c1_0.nombre_caja,c1_0.password_hash from caja c1_0 where c1_0.id_caja=?
Hibernate: select u1_0.id_usuario,u1_0.apellido,u1_0.email,u1_0.fecha_creacion,u1_0.nombre,u1_0.password,u1_0.rol from usuario u1_0 where upper(u1_0.email)=upper(?)
Hibernate: select p1_0.id_pedido,p1_0.id_caja,p1_0.estado,p1_0.fecha_actualizacion,p1_0.fecha_creacion,p1_0.met_de_pago,p1_0.total,p1_0.id_usuario from pedido p1_0
Hibernate: select p1_0.id_producto,p1_0.activo,p1_0.categoria_producto,p1_0.descripcion_producto,p1_0.imagen_url,p1_0.nombre_producto,p1_0.precio_producto,p1_0.id_proveedor,p1_0.id_receta,p1_0.stock_actual,p1_0.stock_minimo from producto p1_0
Hibernate: select pi1_0.id_pedido_item,pi1_0.cantidad,pi1_0.id_pedido,pi1_0.precio_unitario,pi1_0.id_producto,pi1_0.subtotal from pedido_item pi1_0
Hibernate: select u1_0.id_usuario,u1_0.apellido,u1_0.email,u1_0.fecha_creacion,u1_0.nombre,u1_0.password,u1_0.rol from usuario u1_0
Hibernate: select coalesce(sum(p1_0.total),0) from pedido p1_0
Hibernate: select coalesce(avg(p1_0.total),0) from pedido p1_0
Hibernate: select coalesce(sum(p1_0.stock_actual),0) from producto p1_0
Hibernate: select count(*) from proveedor p1_0
Hibernate: select p1_0.id_proveedor,p1_0.activo,p1_0.ciudad,p1_0.correo,p1_0.cuit_rut,p1_0.direccion,p1_0.email,p1_0.fecha_alta,p1_0.fecha_creacion,p1_0.nombre,p1_0.razon_social,p1_0.telefono from proveedor p1_0 where p1_0.activo=true order by p1_0.nombre
Hibernate: select u1_0.id_usuario,u1_0.apellido,u1_0.email,u1_0.fecha_creacion,u1_0.nombre,u1_0.password,u1_0.rol from usuario u1_0 where upper(u1_0.email)=upper(?)
Hibernate: select c1_0.id_caja,c1_0.abierta_por,c1_0.descripcion,c1_0.estado,c1_0.fecha_actualizacion,c1_0.fecha_apertura,c1_0.fecha_creacion,c1_0.moneda,c1_0.monto_actual,c1_0.monto_inicial,c1_0.nombre_caja,c1_0.password_hash from caja c1_0 order by c1_0.fecha_creacion desc
Hibernate: select u1_0.id_usuario,u1_0.apellido,u1_0.email,u1_0.fecha_creacion,u1_0.nombre,u1_0.password,u1_0.rol from usuario u1_0 where upper(u1_0.email)=upper(?)
Hibernate: select p1_0.id_pedido,p1_0.id_caja,p1_0.estado,p1_0.fecha_actualizacion,p1_0.fecha_creacion,p1_0.met_de_pago,p1_0.total,p1_0.id_usuario from pedido p1_0 order by p1_0.fecha_creacion desc
Hibernate: select i1_0.id_pedido,i1_0.id_pedido_item,i1_0.cantidad,i1_0.precio_unitario,i1_0.id_producto,i1_0.subtotal from pedido_item i1_0 where i1_0.id_pedido=?
Hibernate: select p1_0.id_producto,p1_0.activo,p1_0.categoria_producto,p1_0.descripcion_producto,p1_0.imagen_url,p1_0.nombre_producto,p1_0.precio_producto,p1_0.id_proveedor,p1_0.id_receta,p1_0.stock_actual,p1_0.stock_minimo from producto p1_0 where p1_0.id_producto=?
Hibernate: select i1_0.id_pedido,i1_0.id_pedido_item,i1_0.cantidad,i1_0.precio_unitario,i1_0.id_producto,i1_0.subtotal from pedido_item i1_0 where i1_0.id_pedido=?
Hibernate: select i1_0.id_pedido,i1_0.id_pedido_item,i1_0.cantidad,i1_0.precio_unitario,i1_0.id_producto,i1_0.subtotal from pedido_item i1_0 where i1_0.id_pedido=?
Hibernate: select i1_0.id_pedido,i1_0.id_pedido_item,i1_0.cantidad,i1_0.precio_unitario,i1_0.id_producto,i1_0.subtotal from pedido_item i1_0 where i1_0.id_pedido=?
Hibernate: select i1_0.id_pedido,i1_0.id_pedido_item,i1_0.cantidad,i1_0.precio_unitario,i1_0.id_producto,i1_0.subtotal from pedido_item i1_0 where i1_0.id_pedido=?
Hibernate: select i1_0.id_pedido,i1_0.id_pedido_item,i1_0.cantidad,i1_0.precio_unitario,i1_0.id_producto,i1_0.subtotal from pedido_item i1_0 where i1_0.id_pedido=?
Hibernate: select i1_0.id_pedido,i1_0.id_pedido_item,i1_0.cantidad,i1_0.precio_unitario,i1_0.id_producto,i1_0.subtotal from pedido_item i1_0 where i1_0.id_pedido=?
Hibernate: select i1_0.id_pedido,i1_0.id_pedido_item,i1_0.cantidad,i1_0.precio_unitario,i1_0.id_producto,i1_0.subtotal from pedido_item i1_0 where i1_0.id_pedido=?
Hibernate: select i1_0.id_pedido,i1_0.id_pedido_item,i1_0.cantidad,i1_0.precio_unitario,i1_0.id_producto,i1_0.subtotal from pedido_item i1_0 where i1_0.id_pedido=?
Hibernate: select u1_0.id_usuario,u1_0.apellido,u1_0.email,u1_0.fecha_creacion,u1_0.nombre,u1_0.password,u1_0.rol from usuario u1_0 where upper(u1_0.email)=upper(?)
Hibernate: select c1_0.id_caja,c1_0.abierta_por,c1_0.descripcion,c1_0.estado,c1_0.fecha_actualizacion,c1_0.fecha_apertura,c1_0.fecha_creacion,c1_0.moneda,c1_0.monto_actual,c1_0.monto_inicial,c1_0.nombre_caja,c1_0.password_hash from caja c1_0 order by c1_0.fecha_creacion desc
Hibernate: select u1_0.id_usuario,u1_0.apellido,u1_0.email,u1_0.fecha_creacion,u1_0.nombre,u1_0.password,u1_0.rol from usuario u1_0 where upper(u1_0.email)=upper(?)
Hibernate: select c1_0.id_caja,c1_0.abierta_por,c1_0.descripcion,c1_0.estado,c1_0.fecha_actualizacion,c1_0.fecha_apertura,c1_0.fecha_creacion,c1_0.moneda,c1_0.monto_actual,c1_0.monto_inicial,c1_0.nombre_caja,c1_0.password_hash from caja c1_0 order by c1_0.fecha_creacion desc
Hibernate: select u1_0.id_usuario,u1_0.apellido,u1_0.email,u1_0.fecha_creacion,u1_0.nombre,u1_0.password,u1_0.rol from usuario u1_0 where upper(u1_0.email)=upper(?)
Hibernate: select c1_0.id_caja,c1_0.abierta_por,c1_0.descripcion,c1_0.estado,c1_0.fecha_actualizacion,c1_0.fecha_apertura,c1_0.fecha_creacion,c1_0.moneda,c1_0.monto_actual,c1_0.monto_inicial,c1_0.nombre_caja,c1_0.password_hash from caja c1_0 order by c1_0.fecha_creacion desc
Hibernate: select u1_0.id_usuario,u1_0.apellido,u1_0.email,u1_0.fecha_creacion,u1_0.nombre,u1_0.password,u1_0.rol from usuario u1_0 where upper(u1_0.email)=upper(?)
Hibernate: select c1_0.id_caja,c1_0.abierta_por,c1_0.descripcion,c1_0.estado,c1_0.fecha_actualizacion,c1_0.fecha_apertura,c1_0.fecha_creacion,c1_0.moneda,c1_0.monto_actual,c1_0.monto_inicial,c1_0.nombre_caja,c1_0.password_hash from caja c1_0 order by c1_0.fecha_creacion desc
